{
  "comments": {
    "a": 1,
    "x": 1,
    "y": 1
  },
  "extensions": {
    "w": 1,
    "x": 2,
    "z": {
      "b": 1
    }
  }
}
